{
    "multiqc_versions_single": {
        "content": [
            [
                "versions.yml:md5,97afa81e568cfe8ec2b4fa273dff07fc"
            ]
        ],
        "timestamp": "2026-08-21T11:26:14.804769587",
        "meta": {
            "nf-test": "0.9.5",
            "nextflow": "26.04.0"
        }
    },
    "multiqc_stub": {
        "content": [
            [
                "multiqc_report.html",
                "multiqc_data",
                "multiqc_plots",
                "versions.yml:md5,97afa81e568cfe8ec2b4fa273dff07fc"
            ]
        ],
        "timestamp": "2026-08-21T11:26:56.352900915",
        "meta": {
            "nf-test": "0.9.5",
            "nextflow": "26.04.0"
        }
    },
    "multiqc_versions_config": {
        "content": [
            [
                "versions.yml:md5,97afa81e568cfe8ec2b4fa273dff07fc"
            ]
        ],
        "timestamp": "2026-08-21T11:26:38.056549005",
        "meta": {
            "nf-test": "0.9.5",
            "nextflow": "26.04.0"
        }
    }
}