{
    "sarscov2 - genome_fasta": {
        "content": [
            {
                "0": [
                    [
                        {
                            "id": "test"
                        },
                        "test.fasta:md5,6a22932b44106b76244da7fc0d5c8b5e"
                    ]
                ],
                "1": [
                    "versions.yml:md5,f345fd6d5b26b5fb85cc6e194ba83564"
                ],
                "fastx": [
                    [
                        {
                            "id": "test"
                        },
                        "test.fasta:md5,6a22932b44106b76244da7fc0d5c8b5e"
                    ]
                ],
                "versions": [
                    "versions.yml:md5,f345fd6d5b26b5fb85cc6e194ba83564"
                ]
            }
        ],
        "timestamp": "2026-08-21T10:38:42.272756236",
        "meta": {
            "nf-test": "0.9.5",
            "nextflow": "26.04.0"
        }
    },
    "sarscov2 - bam - stub": {
        "content": [
            {
                "0": [
                    [
                        {
                            "id": "test",
                            "single_end": false
                        },
                        "test.fastq:md5,d41d8cd98f00b204e9800998ecf8427e"
                    ]
                ],
                "1": [
                    "versions.yml:md5,f345fd6d5b26b5fb85cc6e194ba83564"
                ],
                "fastx": [
                    [
                        {
                            "id": "test",
                            "single_end": false
                        },
                        "test.fastq:md5,d41d8cd98f00b204e9800998ecf8427e"
                    ]
                ],
                "versions": [
                    "versions.yml:md5,f345fd6d5b26b5fb85cc6e194ba83564"
                ]
            }
        ],
        "timestamp": "2026-08-21T10:39:03.828598769",
        "meta": {
            "nf-test": "0.9.5",
            "nextflow": "26.04.0"
        }
    },
    "sarscov2-genome_fasta-stub": {
        "content": [
            {
                "0": [
                    [
                        {
                            "id": "test"
                        },
                        "test.fasta:md5,d41d8cd98f00b204e9800998ecf8427e"
                    ]
                ],
                "1": [
                    "versions.yml:md5,f345fd6d5b26b5fb85cc6e194ba83564"
                ],
                "fastx": [
                    [
                        {
                            "id": "test"
                        },
                        "test.fasta:md5,d41d8cd98f00b204e9800998ecf8427e"
                    ]
                ],
                "versions": [
                    "versions.yml:md5,f345fd6d5b26b5fb85cc6e194ba83564"
                ]
            }
        ],
        "timestamp": "2026-08-21T10:39:14.138853777",
        "meta": {
            "nf-test": "0.9.5",
            "nextflow": "26.04.0"
        }
    },
    "sarscov2 - transcriptome_fasta": {
        "content": [
            {
                "0": [
                    [
                        {
                            "id": "test"
                        },
                        "test.fasta:md5,61585458664978dc5e6ed23eb9466db8"
                    ]
                ],
                "1": [
                    "versions.yml:md5,f345fd6d5b26b5fb85cc6e194ba83564"
                ],
                "fastx": [
                    [
                        {
                            "id": "test"
                        },
                        "test.fasta:md5,61585458664978dc5e6ed23eb9466db8"
                    ]
                ],
                "versions": [
                    "versions.yml:md5,f345fd6d5b26b5fb85cc6e194ba83564"
                ]
            }
        ],
        "timestamp": "2026-08-21T10:38:58.585953431",
        "meta": {
            "nf-test": "0.9.5",
            "nextflow": "26.04.0"
        }
    },
    "sarscov2 - genome_fasta_gz": {
        "content": [
            {
                "0": [
                    [
                        {
                            "id": "test"
                        },
                        "test.fasta.gz:md5,6a22932b44106b76244da7fc0d5c8b5e"
                    ]
                ],
                "1": [
                    "versions.yml:md5,f345fd6d5b26b5fb85cc6e194ba83564"
                ],
                "fastx": [
                    [
                        {
                            "id": "test"
                        },
                        "test.fasta.gz:md5,6a22932b44106b76244da7fc0d5c8b5e"
                    ]
                ],
                "versions": [
                    "versions.yml:md5,f345fd6d5b26b5fb85cc6e194ba83564"
                ]
            }
        ],
        "timestamp": "2026-08-21T10:38:47.667295895",
        "meta": {
            "nf-test": "0.9.5",
            "nextflow": "26.04.0"
        }
    },
    "sarscov2 - test_1_fastq_gz": {
        "content": [
            {
                "0": [
                    [
                        {
                            "id": "test"
                        },
                        "test.fastq.gz:md5,275c285280495d30a351fb97c53abf45"
                    ]
                ],
                "1": [
                    "versions.yml:md5,f345fd6d5b26b5fb85cc6e194ba83564"
                ],
                "fastx": [
                    [
                        {
                            "id": "test"
                        },
                        "test.fastq.gz:md5,275c285280495d30a351fb97c53abf45"
                    ]
                ],
                "versions": [
                    "versions.yml:md5,f345fd6d5b26b5fb85cc6e194ba83564"
                ]
            }
        ],
        "timestamp": "2026-08-21T10:38:53.080801727",
        "meta": {
            "nf-test": "0.9.5",
            "nextflow": "26.04.0"
        }
    }
}