{
    "mini sample should match snapshot": {
        "content": [
            {
                "0": [
                    [
                        {
                            "id": "test",
                            "read_count": 84
                        },
                        "test_pfam_coverage.tsv:md5,fdf1e8f9138901cb5f121b3dbdd0bf3d"
                    ]
                ],
                "1": [
                    "versions.yml:md5,65a450616ed2e91f2323322ba04e3b9b"
                ],
                "tsv": [
                    [
                        {
                            "id": "test",
                            "read_count": 84
                        },
                        "test_pfam_coverage.tsv:md5,fdf1e8f9138901cb5f121b3dbdd0bf3d"
                    ]
                ],
                "versions": [
                    "versions.yml:md5,65a450616ed2e91f2323322ba04e3b9b"
                ]
            }
        ],
        "timestamp": "2026-09-17T09:52:50.012878",
        "meta": {
            "nf-test": "0.9.5",
            "nextflow": "26.04.6"
        }
    },
    "edge-cases synthetic sample should match snapshot": {
        "content": [
            {
                "0": [
                    [
                        {
                            "id": "test",
                            "read_count": 4
                        },
                        "test_pfam_coverage.tsv:md5,c2115f9bb24f83758fa9a220de62d818"
                    ]
                ],
                "1": [
                    "versions.yml:md5,65a450616ed2e91f2323322ba04e3b9b"
                ],
                "tsv": [
                    [
                        {
                            "id": "test",
                            "read_count": 4
                        },
                        "test_pfam_coverage.tsv:md5,c2115f9bb24f83758fa9a220de62d818"
                    ]
                ],
                "versions": [
                    "versions.yml:md5,65a450616ed2e91f2323322ba04e3b9b"
                ]
            }
        ],
        "timestamp": "2026-09-17T09:52:56.27502",
        "meta": {
            "nf-test": "0.9.5",
            "nextflow": "26.04.6"
        }
    }
}