{
    "dada2_stats_gap": {
        "content": [
            [
                [
                    {
                        "id": "test_gap",
                        "single_end": false
                    },
                    "test_gap_dada2_stats.tsv:md5,2ed5cb01be442732e4f0ce9b273378cb"
                ]
            ]
        ],
        "timestamp": "2026-09-01T13:50:26.9290113",
        "meta": {
            "nf-test": "0.9.5",
            "nextflow": "26.04.0"
        }
    },
    "dada2_out_gap": {
        "content": [
            [
                [
                    {
                        "id": "test_gap",
                        "single_end": false
                    },
                    [
                        "test_gap_1_map.txt:md5,53ec85f36f514896918398137820a44c",
                        "test_gap_2_map.txt:md5,53ec85f36f514896918398137820a44c"
                    ],
                    "test_gap_asvs.fasta:md5,bf97373a18378a104288cea97e297f55",
                    [
                        "test_gap_1_filt.fastq.gz:md5,35819d59fab6649520fa36e63a405da4",
                        "test_gap_2_filt.fastq.gz:md5,54d86d90378ecdb21e57e545f081f4a4"
                    ]
                ]
            ]
        ],
        "timestamp": "2026-09-01T13:50:26.901325186",
        "meta": {
            "nf-test": "0.9.5",
            "nextflow": "26.04.0"
        }
    },
    "dada2_out_separate": {
        "content": [
            [
                [
                    {
                        "id": "test_separate",
                        "single_end": false
                    },
                    [
                        "test_separate_1_map.txt:md5,52296df2cd0531ba5fa518d1d51ffbfe",
                        "test_separate_2_map.txt:md5,84cd95e5197ac20d7bb04b677e3616c9"
                    ],
                    "test_separate_asvs.fasta:md5,af5d41e077ff71d237684a3a68565d84",
                    [
                        "test_separate_1_filt.fastq.gz:md5,35819d59fab6649520fa36e63a405da4",
                        "test_separate_2_filt.fastq.gz:md5,54d86d90378ecdb21e57e545f081f4a4"
                    ]
                ]
            ]
        ],
        "timestamp": "2026-09-01T13:52:17.7773252",
        "meta": {
            "nf-test": "0.9.5",
            "nextflow": "26.04.0"
        }
    },
    "dada2_out": {
        "content": [
            [
                [
                    {
                        "id": "test",
                        "single_end": false
                    },
                    [
                        "test_1_map.txt:md5,93a753df1317f72cb181045bc2be3949",
                        "test_2_map.txt:md5,93a753df1317f72cb181045bc2be3949"
                    ],
                    "test_asvs.fasta:md5,3150f757e54a9f7fcc911d44f6495b4e",
                    [
                        "test_1_filt.fastq.gz:md5,35819d59fab6649520fa36e63a405da4",
                        "test_2_filt.fastq.gz:md5,54d86d90378ecdb21e57e545f081f4a4"
                    ]
                ]
            ]
        ],
        "timestamp": "2026-09-01T13:48:37.90403912",
        "meta": {
            "nf-test": "0.9.5",
            "nextflow": "26.04.0"
        }
    },
    "dada2_stats": {
        "content": [
            [
                [
                    {
                        "id": "test",
                        "single_end": false
                    },
                    "test_dada2_stats.tsv:md5,aefcfef42d7212c369376daf393a0dc3"
                ]
            ]
        ],
        "timestamp": "2026-09-01T13:48:37.930620498",
        "meta": {
            "nf-test": "0.9.5",
            "nextflow": "26.04.0"
        }
    },
    "dada2_stats_separate": {
        "content": [
            [
                [
                    {
                        "id": "test_separate",
                        "single_end": false
                    },
                    "test_separate_dada2_stats.tsv:md5,80a858a237cf0ca292697ad555a394b7"
                ]
            ]
        ],
        "timestamp": "2026-09-01T13:52:17.815753484",
        "meta": {
            "nf-test": "0.9.5",
            "nextflow": "26.04.0"
        }
    }
}