{
    "pimento/generatebcv - stub": {
        "content": [
            [
                [
                    {
                        "id": "test",
                        "single_end": false,
                        "var_region": "16S-V3-V4"
                    },
                    "test_16S-V3-V4_mcp_cons.tsv:md5,f02e326f800ee26f04df7961adbf7c0a"
                ]
            ],
            [
                {
                    "PIMENTO_GENERATEBCV": {
                        "mi-pimento": "1.3.3"
                    }
                }
            ]
        ],
        "timestamp": "2026-09-23T14:47:13.6731",
        "meta": {
            "nf-test": "0.9.5",
            "nextflow": "26.04.6"
        }
    },
    "pimento/generatebcv - none": {
        "content": [
            [
                [
                    {
                        "id": "test",
                        "single_end": false,
                        "var_region": "16S-V3-V4"
                    },
                    "test_16S-V3-V4_mcp_cons.tsv:md5,d41d8cd98f00b204e9800998ecf8427e"
                ]
            ],
            [
                {
                    "PIMENTO_GENERATEBCV": {
                        "mi-pimento": "1.3.3"
                    }
                }
            ]
        ],
        "timestamp": "2026-09-23T14:47:06.365344",
        "meta": {
            "nf-test": "0.9.5",
            "nextflow": "26.04.6"
        }
    },
    "pimento/generatebcv - F": {
        "content": [
            [
                [
                    {
                        "id": "test",
                        "single_end": false,
                        "var_region": "16S-V3-V4"
                    },
                    "test_16S-V3-V4_bcv.tsv:md5,1c566bc27d2bf777e76ffb8e52db7132"
                ]
            ],
            [
                {
                    "PIMENTO_GENERATEBCV": {
                        "mi-pimento": "1.3.3"
                    }
                }
            ]
        ],
        "timestamp": "2026-09-23T14:46:51.892767",
        "meta": {
            "nf-test": "0.9.5",
            "nextflow": "26.04.6"
        }
    },
    "pimento/generatebcv - FR": {
        "content": [
            [
                [
                    {
                        "id": "test",
                        "single_end": false,
                        "var_region": "16S-V3-V4"
                    },
                    "test_16S-V3-V4_bcv.tsv:md5,875c712aadf9b21bd535e555dbb4b7e1"
                ]
            ],
            [
                {
                    "PIMENTO_GENERATEBCV": {
                        "mi-pimento": "1.3.3"
                    }
                }
            ]
        ],
        "timestamp": "2026-09-23T14:46:43.4394",
        "meta": {
            "nf-test": "0.9.5",
            "nextflow": "26.04.6"
        }
    },
    "pimento/generatebcv - R": {
        "content": [
            [
                [
                    {
                        "id": "test",
                        "single_end": false,
                        "var_region": "16S-V3-V4"
                    },
                    "test_16S-V3-V4_bcv.tsv:md5,e4500d4e1aabab1e143063f4c26029ea"
                ]
            ],
            [
                {
                    "PIMENTO_GENERATEBCV": {
                        "mi-pimento": "1.3.3"
                    }
                }
            ]
        ],
        "timestamp": "2026-09-23T14:46:59.064707",
        "meta": {
            "nf-test": "0.9.5",
            "nextflow": "26.04.6"
        }
    }
}