{
    "lca_formatted": {
        "content": [
            "query\ttaxonomy\tpid\tqcov\ntest\tk__Metazoa;p__Chordata;c__Actinopteri;o__Clupeiformes;f__Engraulidae;g__Thryssa;s__mystax;\t100.0\t100.0\ntest\tk__Plantae;p__Tracheophyta;c__Liliopsida;o__Poales;f__Poaceae;g__Triticum;s__Triticumaestivum;\t83.3\t100.0\ntest\tk__Metazoa;p__Chordata;c__Amphibia;o__Anura;f__Megophryidae;g__Oreolalax;s__major;\t75.9\t100.0\n"
        ],
        "timestamp": "2026-09-18T20:10:43.770795",
        "meta": {
            "nf-test": "0.9.5",
            "nextflow": "26.04.0"
        }
    },
    "clean_formatted": {
        "content": [
            "query\taccession\ttaxonomy\tpid\ntest\tPQ519790.1.<1.>655_root_1\tk__Metazoa;p__Chordata;c__Actinopteri;o__Clupeiformes;f__Engraulidae;g__Thryssa;s__mystax;\t100.0\ntest\tGBAAY84290-24.COI-5P\tk__Plantae;p__Tracheophyta;c__Liliopsida;o__Poales;f__Poaceae;g__Triticum;s__Triticumaestivum;\t83.3\ntest\tPQ307056.1.<1.>553_root_1\tk__Metazoa;p__Chordata;c__Amphibia;o__Anura;f__Megophryidae;g__Oreolalax;s__major;\t75.9\n"
        ],
        "timestamp": "2026-09-18T20:10:50.2039",
        "meta": {
            "nf-test": "0.9.5",
            "nextflow": "26.04.0"
        }
    }
}