{
    "10 domtbls should match snapshot": {
        "content": [
            {
                "0": [
                    [
                        {
                            "id": "test"
                        },
                        "ERR10889197_mini.domtbl.gz:md5,58672947d7f305d6ee4ef4af877e30f0"
                    ]
                ],
                "concatenated_result": [
                    [
                        {
                            "id": "test"
                        },
                        "ERR10889197_mini.domtbl.gz:md5,58672947d7f305d6ee4ef4af877e30f0"
                    ]
                ]
            }
        ],
        "timestamp": "2026-09-17T08:25:32.603412",
        "meta": {
            "nf-test": "0.9.5",
            "nextflow": "26.04.6"
        }
    },
    "one domtbl should match snapshot": {
        "content": [
            {
                "0": [
                    [
                        {
                            "id": "test"
                        },
                        "ERR10889197_mini.domtbl.gz:md5,a3d2b61b98cd92c7abb7c6902f28e367"
                    ]
                ],
                "concatenated_result": [
                    [
                        {
                            "id": "test"
                        },
                        "ERR10889197_mini.domtbl.gz:md5,a3d2b61b98cd92c7abb7c6902f28e367"
                    ]
                ]
            }
        ],
        "timestamp": "2026-09-17T08:25:24.75251",
        "meta": {
            "nf-test": "0.9.5",
            "nextflow": "26.04.6"
        }
    },
    "two domtbls should match snapshot": {
        "content": [
            {
                "0": [
                    [
                        {
                            "id": "test"
                        },
                        "ERR10889197_mini.domtbl.gz:md5,f042637121d2347d5530630338990f08"
                    ]
                ],
                "concatenated_result": [
                    [
                        {
                            "id": "test"
                        },
                        "ERR10889197_mini.domtbl.gz:md5,f042637121d2347d5530630338990f08"
                    ]
                ]
            }
        ],
        "timestamp": "2026-09-17T08:25:28.573479",
        "meta": {
            "nf-test": "0.9.5",
            "nextflow": "26.04.6"
        }
    }
}