{
    "supplied primers": {
        "content": [
            {
                "0": [
                    [
                        {
                            "id": "test",
                            "single_end": false,
                            "forward_primer": "TTCTCAACCAACCANAANGANATNGG",
                            "reverse_primer": "ACWAAYCAYAAAGAYATYGG"
                        },
                        "test_provided_forward.fasta:md5,18c85f1e690e3c5738934b50a9f75e25",
                        "test_provided_reverse.fasta:md5,461bd6538ca31ec0ade7a7bdec2147d0"
                    ]
                ],
                "supplied_primer_out": [
                    [
                        {
                            "id": "test",
                            "single_end": false,
                            "forward_primer": "TTCTCAACCAACCANAANGANATNGG",
                            "reverse_primer": "ACWAAYCAYAAAGAYATYGG"
                        },
                        "test_provided_forward.fasta:md5,18c85f1e690e3c5738934b50a9f75e25",
                        "test_provided_reverse.fasta:md5,461bd6538ca31ec0ade7a7bdec2147d0"
                    ]
                ]
            }
        ],
        "timestamp": "2026-09-17T10:48:58.726397",
        "meta": {
            "nf-test": "0.9.5",
            "nextflow": "26.04.6"
        }
    }
}